---
source: src/html_render/content.rs
expression: content
---
- title: The Rust Programming Language
  pages:
    - name: The Rust Programming Language
      output: BASEDIR/_out/html/book-1/title-page/index.html
      input: BASEDIR/book-1/title-page.md
      toc: []
      next: /book-1/foreword
      prev: ~
      heirachy:
        - prity: The Rust Programming Language
          link: /book-1
        - prity: The Rust Programming Language
          link: /book-1/title-page
    - name: Foreword
      output: BASEDIR/_out/html/book-1/foreword/index.html
      input: BASEDIR/book-1/foreword.md
      toc: []
      next: /book-1/ch00-00-introduction
      prev: /book-1/title-page
      heirachy:
        - prity: The Rust Programming Language
          link: /book-1
        - prity: Foreword
          link: /book-1/foreword
    - name: Introduction
      output: BASEDIR/_out/html/book-1/ch00-00-introduction/index.html
      input: BASEDIR/book-1/ch00-00-introduction.md
      toc: []
      next: /book-1/ch01-00-getting-started
      prev: /book-1/foreword
      heirachy:
        - prity: The Rust Programming Language
          link: /book-1
        - prity: Introduction
          link: /book-1/ch00-00-introduction
    - name: Getting Started
      output: BASEDIR/_out/html/book-1/ch01-00-getting-started/index.html
      input: BASEDIR/book-1/ch01-00-getting-started.md
      toc: []
      next: /book-1/ch01-01-installation
      prev: /book-1/ch00-00-introduction
      heirachy:
        - prity: The Rust Programming Language
          link: /book-1
        - prity: Getting Started
          link: /book-1/ch01-00-getting-started
    - name: Installation
      output: BASEDIR/_out/html/book-1/ch01-01-installation/index.html
      input: BASEDIR/book-1/ch01-01-installation.md
      toc: []
      next: /book-1/ch01-02-hello-world
      prev: /book-1/ch01-00-getting-started
      heirachy:
        - prity: The Rust Programming Language
          link: /book-1
        - prity: Getting Started
          link: /book-1/ch01-00-getting-started
        - prity: Installation
          link: /book-1/ch01-01-installation
    - name: "Hello, World!"
      output: BASEDIR/_out/html/book-1/ch01-02-hello-world/index.html
      input: BASEDIR/book-1/ch01-02-hello-world.md
      toc: []
      next: /book-1/ch01-03-hello-cargo
      prev: /book-1/ch01-01-installation
      heirachy:
        - prity: The Rust Programming Language
          link: /book-1
        - prity: Getting Started
          link: /book-1/ch01-00-getting-started
        - prity: "Hello, World!"
          link: /book-1/ch01-02-hello-world
    - name: "Hello, Cargo!"
      output: BASEDIR/_out/html/book-1/ch01-03-hello-cargo/index.html
      input: BASEDIR/book-1/ch01-03-hello-cargo.md
      toc: []
      next: /book-1/ch02-00-guessing-game-tutorial
      prev: /book-1/ch01-02-hello-world
      heirachy:
        - prity: The Rust Programming Language
          link: /book-1
        - prity: Getting Started
          link: /book-1/ch01-00-getting-started
        - prity: "Hello, Cargo!"
          link: /book-1/ch01-03-hello-cargo
    - name: Programming a Guessing Game
      output: BASEDIR/_out/html/book-1/ch02-00-guessing-game-tutorial/index.html
      input: BASEDIR/book-1/ch02-00-guessing-game-tutorial.md
      toc: []
      next: /book-1/ch03-00-common-programming-concepts
      prev: /book-1/ch01-03-hello-cargo
      heirachy:
        - prity: The Rust Programming Language
          link: /book-1
        - prity: Programming a Guessing Game
          link: /book-1/ch02-00-guessing-game-tutorial
    - name: Common Programming Concepts
      output: BASEDIR/_out/html/book-1/ch03-00-common-programming-concepts/index.html
      input: BASEDIR/book-1/ch03-00-common-programming-concepts.md
      toc: []
      next: /book-1/ch03-01-variables-and-mutability
      prev: /book-1/ch02-00-guessing-game-tutorial
      heirachy:
        - prity: The Rust Programming Language
          link: /book-1
        - prity: Common Programming Concepts
          link: /book-1/ch03-00-common-programming-concepts
    - name: Variables and Mutability
      output: BASEDIR/_out/html/book-1/ch03-01-variables-and-mutability/index.html
      input: BASEDIR/book-1/ch03-01-variables-and-mutability.md
      toc: []
      next: /book-1/ch03-02-data-types
      prev: /book-1/ch03-00-common-programming-concepts
      heirachy:
        - prity: The Rust Programming Language
          link: /book-1
        - prity: Common Programming Concepts
          link: /book-1/ch03-00-common-programming-concepts
        - prity: Variables and Mutability
          link: /book-1/ch03-01-variables-and-mutability
    - name: Data Types
      output: BASEDIR/_out/html/book-1/ch03-02-data-types/index.html
      input: BASEDIR/book-1/ch03-02-data-types.md
      toc: []
      next: /book-1/ch03-03-how-functions-work
      prev: /book-1/ch03-01-variables-and-mutability
      heirachy:
        - prity: The Rust Programming Language
          link: /book-1
        - prity: Common Programming Concepts
          link: /book-1/ch03-00-common-programming-concepts
        - prity: Data Types
          link: /book-1/ch03-02-data-types
    - name: Functions
      output: BASEDIR/_out/html/book-1/ch03-03-how-functions-work/index.html
      input: BASEDIR/book-1/ch03-03-how-functions-work.md
      toc: []
      next: /book-1/ch03-04-comments
      prev: /book-1/ch03-02-data-types
      heirachy:
        - prity: The Rust Programming Language
          link: /book-1
        - prity: Common Programming Concepts
          link: /book-1/ch03-00-common-programming-concepts
        - prity: Functions
          link: /book-1/ch03-03-how-functions-work
    - name: Comments
      output: BASEDIR/_out/html/book-1/ch03-04-comments/index.html
      input: BASEDIR/book-1/ch03-04-comments.md
      toc: []
      next: /book-1/ch03-05-control-flow
      prev: /book-1/ch03-03-how-functions-work
      heirachy:
        - prity: The Rust Programming Language
          link: /book-1
        - prity: Common Programming Concepts
          link: /book-1/ch03-00-common-programming-concepts
        - prity: Comments
          link: /book-1/ch03-04-comments
    - name: Control Flow
      output: BASEDIR/_out/html/book-1/ch03-05-control-flow/index.html
      input: BASEDIR/book-1/ch03-05-control-flow.md
      toc: []
      next: /book-1/ch04-00-understanding-ownership
      prev: /book-1/ch03-04-comments
      heirachy:
        - prity: The Rust Programming Language
          link: /book-1
        - prity: Common Programming Concepts
          link: /book-1/ch03-00-common-programming-concepts
        - prity: Control Flow
          link: /book-1/ch03-05-control-flow
    - name: Understanding Ownership
      output: BASEDIR/_out/html/book-1/ch04-00-understanding-ownership/index.html
      input: BASEDIR/book-1/ch04-00-understanding-ownership.md
      toc: []
      next: /book-1/ch04-01-what-is-ownership
      prev: /book-1/ch03-05-control-flow
      heirachy:
        - prity: The Rust Programming Language
          link: /book-1
        - prity: Understanding Ownership
          link: /book-1/ch04-00-understanding-ownership
    - name: What is Ownership?
      output: BASEDIR/_out/html/book-1/ch04-01-what-is-ownership/index.html
      input: BASEDIR/book-1/ch04-01-what-is-ownership.md
      toc: []
      next: /book-1/ch04-02-references-and-borrowing
      prev: /book-1/ch04-00-understanding-ownership
      heirachy:
        - prity: The Rust Programming Language
          link: /book-1
        - prity: Understanding Ownership
          link: /book-1/ch04-00-understanding-ownership
        - prity: What is Ownership?
          link: /book-1/ch04-01-what-is-ownership
    - name: References and Borrowing
      output: BASEDIR/_out/html/book-1/ch04-02-references-and-borrowing/index.html
      input: BASEDIR/book-1/ch04-02-references-and-borrowing.md
      toc: []
      next: /book-1/ch04-03-slices
      prev: /book-1/ch04-01-what-is-ownership
      heirachy:
        - prity: The Rust Programming Language
          link: /book-1
        - prity: Understanding Ownership
          link: /book-1/ch04-00-understanding-ownership
        - prity: References and Borrowing
          link: /book-1/ch04-02-references-and-borrowing
    - name: The Slice Type
      output: BASEDIR/_out/html/book-1/ch04-03-slices/index.html
      input: BASEDIR/book-1/ch04-03-slices.md
      toc: []
      next: /book-1/ch05-00-structs
      prev: /book-1/ch04-02-references-and-borrowing
      heirachy:
        - prity: The Rust Programming Language
          link: /book-1
        - prity: Understanding Ownership
          link: /book-1/ch04-00-understanding-ownership
        - prity: The Slice Type
          link: /book-1/ch04-03-slices
    - name: Using Structs to Structure Related Data
      output: BASEDIR/_out/html/book-1/ch05-00-structs/index.html
      input: BASEDIR/book-1/ch05-00-structs.md
      toc: []
      next: /book-1/ch05-01-defining-structs
      prev: /book-1/ch04-03-slices
      heirachy:
        - prity: The Rust Programming Language
          link: /book-1
        - prity: Using Structs to Structure Related Data
          link: /book-1/ch05-00-structs
    - name: Defining and Instantiating Structs
      output: BASEDIR/_out/html/book-1/ch05-01-defining-structs/index.html
      input: BASEDIR/book-1/ch05-01-defining-structs.md
      toc: []
      next: /book-1/ch05-02-example-structs
      prev: /book-1/ch05-00-structs
      heirachy:
        - prity: The Rust Programming Language
          link: /book-1
        - prity: Using Structs to Structure Related Data
          link: /book-1/ch05-00-structs
        - prity: Defining and Instantiating Structs
          link: /book-1/ch05-01-defining-structs
    - name: An Example Program Using Structs
      output: BASEDIR/_out/html/book-1/ch05-02-example-structs/index.html
      input: BASEDIR/book-1/ch05-02-example-structs.md
      toc: []
      next: /book-1/ch05-03-method-syntax
      prev: /book-1/ch05-01-defining-structs
      heirachy:
        - prity: The Rust Programming Language
          link: /book-1
        - prity: Using Structs to Structure Related Data
          link: /book-1/ch05-00-structs
        - prity: An Example Program Using Structs
          link: /book-1/ch05-02-example-structs
    - name: Method Syntax
      output: BASEDIR/_out/html/book-1/ch05-03-method-syntax/index.html
      input: BASEDIR/book-1/ch05-03-method-syntax.md
      toc: []
      next: /book-1/ch06-00-enums
      prev: /book-1/ch05-02-example-structs
      heirachy:
        - prity: The Rust Programming Language
          link: /book-1
        - prity: Using Structs to Structure Related Data
          link: /book-1/ch05-00-structs
        - prity: Method Syntax
          link: /book-1/ch05-03-method-syntax
    - name: Enums and Pattern Matching
      output: BASEDIR/_out/html/book-1/ch06-00-enums/index.html
      input: BASEDIR/book-1/ch06-00-enums.md
      toc: []
      next: /book-1/ch06-01-defining-an-enum
      prev: /book-1/ch05-03-method-syntax
      heirachy:
        - prity: The Rust Programming Language
          link: /book-1
        - prity: Enums and Pattern Matching
          link: /book-1/ch06-00-enums
    - name: Defining an Enum
      output: BASEDIR/_out/html/book-1/ch06-01-defining-an-enum/index.html
      input: BASEDIR/book-1/ch06-01-defining-an-enum.md
      toc: []
      next: /book-1/ch06-02-match
      prev: /book-1/ch06-00-enums
      heirachy:
        - prity: The Rust Programming Language
          link: /book-1
        - prity: Enums and Pattern Matching
          link: /book-1/ch06-00-enums
        - prity: Defining an Enum
          link: /book-1/ch06-01-defining-an-enum
    - name: The match Control Flow Operator
      output: BASEDIR/_out/html/book-1/ch06-02-match/index.html
      input: BASEDIR/book-1/ch06-02-match.md
      toc: []
      next: /book-1/ch06-03-if-let
      prev: /book-1/ch06-01-defining-an-enum
      heirachy:
        - prity: The Rust Programming Language
          link: /book-1
        - prity: Enums and Pattern Matching
          link: /book-1/ch06-00-enums
        - prity: The match Control Flow Operator
          link: /book-1/ch06-02-match
    - name: Concise Control Flow with if let
      output: BASEDIR/_out/html/book-1/ch06-03-if-let/index.html
      input: BASEDIR/book-1/ch06-03-if-let.md
      toc: []
      next: /book-1/ch07-00-managing-growing-projects-with-packages-crates-and-modules
      prev: /book-1/ch06-02-match
      heirachy:
        - prity: The Rust Programming Language
          link: /book-1
        - prity: Enums and Pattern Matching
          link: /book-1/ch06-00-enums
        - prity: Concise Control Flow with if let
          link: /book-1/ch06-03-if-let
    - name: "Managing Growing Projects with Packages, Crates, and Modules"
      output: BASEDIR/_out/html/book-1/ch07-00-managing-growing-projects-with-packages-crates-and-modules/index.html
      input: BASEDIR/book-1/ch07-00-managing-growing-projects-with-packages-crates-and-modules.md
      toc: []
      next: /book-1/ch07-01-packages-and-crates
      prev: /book-1/ch06-03-if-let
      heirachy:
        - prity: The Rust Programming Language
          link: /book-1
        - prity: "Managing Growing Projects with Packages, Crates, and Modules"
          link: /book-1/ch07-00-managing-growing-projects-with-packages-crates-and-modules
    - name: Packages and Crates
      output: BASEDIR/_out/html/book-1/ch07-01-packages-and-crates/index.html
      input: BASEDIR/book-1/ch07-01-packages-and-crates.md
      toc: []
      next: /book-1/ch07-02-defining-modules-to-control-scope-and-privacy
      prev: /book-1/ch07-00-managing-growing-projects-with-packages-crates-and-modules
      heirachy:
        - prity: The Rust Programming Language
          link: /book-1
        - prity: "Managing Growing Projects with Packages, Crates, and Modules"
          link: /book-1/ch07-00-managing-growing-projects-with-packages-crates-and-modules
        - prity: Packages and Crates
          link: /book-1/ch07-01-packages-and-crates
    - name: Defining Modules to Control Scope and Privacy
      output: BASEDIR/_out/html/book-1/ch07-02-defining-modules-to-control-scope-and-privacy/index.html
      input: BASEDIR/book-1/ch07-02-defining-modules-to-control-scope-and-privacy.md
      toc: []
      next: /book-1/ch07-03-paths-for-referring-to-an-item-in-the-module-tree
      prev: /book-1/ch07-01-packages-and-crates
      heirachy:
        - prity: The Rust Programming Language
          link: /book-1
        - prity: "Managing Growing Projects with Packages, Crates, and Modules"
          link: /book-1/ch07-00-managing-growing-projects-with-packages-crates-and-modules
        - prity: Defining Modules to Control Scope and Privacy
          link: /book-1/ch07-02-defining-modules-to-control-scope-and-privacy
    - name: Paths for Referring to an Item in the Module Tree
      output: BASEDIR/_out/html/book-1/ch07-03-paths-for-referring-to-an-item-in-the-module-tree/index.html
      input: BASEDIR/book-1/ch07-03-paths-for-referring-to-an-item-in-the-module-tree.md
      toc: []
      next: /book-1/ch07-04-bringing-paths-into-scope-with-the-use-keyword
      prev: /book-1/ch07-02-defining-modules-to-control-scope-and-privacy
      heirachy:
        - prity: The Rust Programming Language
          link: /book-1
        - prity: "Managing Growing Projects with Packages, Crates, and Modules"
          link: /book-1/ch07-00-managing-growing-projects-with-packages-crates-and-modules
        - prity: Paths for Referring to an Item in the Module Tree
          link: /book-1/ch07-03-paths-for-referring-to-an-item-in-the-module-tree
    - name: Bringing Paths Into Scope with the use Keyword
      output: BASEDIR/_out/html/book-1/ch07-04-bringing-paths-into-scope-with-the-use-keyword/index.html
      input: BASEDIR/book-1/ch07-04-bringing-paths-into-scope-with-the-use-keyword.md
      toc: []
      next: /book-1/ch07-05-separating-modules-into-different-files
      prev: /book-1/ch07-03-paths-for-referring-to-an-item-in-the-module-tree
      heirachy:
        - prity: The Rust Programming Language
          link: /book-1
        - prity: "Managing Growing Projects with Packages, Crates, and Modules"
          link: /book-1/ch07-00-managing-growing-projects-with-packages-crates-and-modules
        - prity: Bringing Paths Into Scope with the use Keyword
          link: /book-1/ch07-04-bringing-paths-into-scope-with-the-use-keyword
    - name: Separating Modules into Different Files
      output: BASEDIR/_out/html/book-1/ch07-05-separating-modules-into-different-files/index.html
      input: BASEDIR/book-1/ch07-05-separating-modules-into-different-files.md
      toc: []
      next: /book-1/ch08-00-common-collections
      prev: /book-1/ch07-04-bringing-paths-into-scope-with-the-use-keyword
      heirachy:
        - prity: The Rust Programming Language
          link: /book-1
        - prity: "Managing Growing Projects with Packages, Crates, and Modules"
          link: /book-1/ch07-00-managing-growing-projects-with-packages-crates-and-modules
        - prity: Separating Modules into Different Files
          link: /book-1/ch07-05-separating-modules-into-different-files
    - name: Common Collections
      output: BASEDIR/_out/html/book-1/ch08-00-common-collections/index.html
      input: BASEDIR/book-1/ch08-00-common-collections.md
      toc: []
      next: /book-1/ch08-01-vectors
      prev: /book-1/ch07-05-separating-modules-into-different-files
      heirachy:
        - prity: The Rust Programming Language
          link: /book-1
        - prity: Common Collections
          link: /book-1/ch08-00-common-collections
    - name: Storing Lists of Values with Vectors
      output: BASEDIR/_out/html/book-1/ch08-01-vectors/index.html
      input: BASEDIR/book-1/ch08-01-vectors.md
      toc: []
      next: /book-1/ch08-02-strings
      prev: /book-1/ch08-00-common-collections
      heirachy:
        - prity: The Rust Programming Language
          link: /book-1
        - prity: Common Collections
          link: /book-1/ch08-00-common-collections
        - prity: Storing Lists of Values with Vectors
          link: /book-1/ch08-01-vectors
    - name: Storing UTF-8 Encoded Text with Strings
      output: BASEDIR/_out/html/book-1/ch08-02-strings/index.html
      input: BASEDIR/book-1/ch08-02-strings.md
      toc: []
      next: /book-1/ch08-03-hash-maps
      prev: /book-1/ch08-01-vectors
      heirachy:
        - prity: The Rust Programming Language
          link: /book-1
        - prity: Common Collections
          link: /book-1/ch08-00-common-collections
        - prity: Storing UTF-8 Encoded Text with Strings
          link: /book-1/ch08-02-strings
    - name: Storing Keys with Associated Values in Hash Maps
      output: BASEDIR/_out/html/book-1/ch08-03-hash-maps/index.html
      input: BASEDIR/book-1/ch08-03-hash-maps.md
      toc: []
      next: /book-1/ch09-00-error-handling
      prev: /book-1/ch08-02-strings
      heirachy:
        - prity: The Rust Programming Language
          link: /book-1
        - prity: Common Collections
          link: /book-1/ch08-00-common-collections
        - prity: Storing Keys with Associated Values in Hash Maps
          link: /book-1/ch08-03-hash-maps
    - name: Error Handling
      output: BASEDIR/_out/html/book-1/ch09-00-error-handling/index.html
      input: BASEDIR/book-1/ch09-00-error-handling.md
      toc: []
      next: /book-1/ch09-01-unrecoverable-errors-with-panic
      prev: /book-1/ch08-03-hash-maps
      heirachy:
        - prity: The Rust Programming Language
          link: /book-1
        - prity: Error Handling
          link: /book-1/ch09-00-error-handling
    - name: Unrecoverable Errors with panic!
      output: BASEDIR/_out/html/book-1/ch09-01-unrecoverable-errors-with-panic/index.html
      input: BASEDIR/book-1/ch09-01-unrecoverable-errors-with-panic.md
      toc: []
      next: /book-1/ch09-02-recoverable-errors-with-result
      prev: /book-1/ch09-00-error-handling
      heirachy:
        - prity: The Rust Programming Language
          link: /book-1
        - prity: Error Handling
          link: /book-1/ch09-00-error-handling
        - prity: Unrecoverable Errors with panic!
          link: /book-1/ch09-01-unrecoverable-errors-with-panic
    - name: Recoverable Errors with Result
      output: BASEDIR/_out/html/book-1/ch09-02-recoverable-errors-with-result/index.html
      input: BASEDIR/book-1/ch09-02-recoverable-errors-with-result.md
      toc: []
      next: /book-1/ch09-03-to-panic-or-not-to-panic
      prev: /book-1/ch09-01-unrecoverable-errors-with-panic
      heirachy:
        - prity: The Rust Programming Language
          link: /book-1
        - prity: Error Handling
          link: /book-1/ch09-00-error-handling
        - prity: Recoverable Errors with Result
          link: /book-1/ch09-02-recoverable-errors-with-result
    - name: To panic! or Not To panic!
      output: BASEDIR/_out/html/book-1/ch09-03-to-panic-or-not-to-panic/index.html
      input: BASEDIR/book-1/ch09-03-to-panic-or-not-to-panic.md
      toc: []
      next: /book-1/ch10-00-generics
      prev: /book-1/ch09-02-recoverable-errors-with-result
      heirachy:
        - prity: The Rust Programming Language
          link: /book-1
        - prity: Error Handling
          link: /book-1/ch09-00-error-handling
        - prity: To panic! or Not To panic!
          link: /book-1/ch09-03-to-panic-or-not-to-panic
    - name: "Generic Types, Traits, and Lifetimes"
      output: BASEDIR/_out/html/book-1/ch10-00-generics/index.html
      input: BASEDIR/book-1/ch10-00-generics.md
      toc: []
      next: /book-1/ch10-01-syntax
      prev: /book-1/ch09-03-to-panic-or-not-to-panic
      heirachy:
        - prity: The Rust Programming Language
          link: /book-1
        - prity: "Generic Types, Traits, and Lifetimes"
          link: /book-1/ch10-00-generics
    - name: Generic Data Types
      output: BASEDIR/_out/html/book-1/ch10-01-syntax/index.html
      input: BASEDIR/book-1/ch10-01-syntax.md
      toc: []
      next: /book-1/ch10-02-traits
      prev: /book-1/ch10-00-generics
      heirachy:
        - prity: The Rust Programming Language
          link: /book-1
        - prity: "Generic Types, Traits, and Lifetimes"
          link: /book-1/ch10-00-generics
        - prity: Generic Data Types
          link: /book-1/ch10-01-syntax
    - name: "Traits: Defining Shared Behavior"
      output: BASEDIR/_out/html/book-1/ch10-02-traits/index.html
      input: BASEDIR/book-1/ch10-02-traits.md
      toc: []
      next: /book-1/ch10-03-lifetime-syntax
      prev: /book-1/ch10-01-syntax
      heirachy:
        - prity: The Rust Programming Language
          link: /book-1
        - prity: "Generic Types, Traits, and Lifetimes"
          link: /book-1/ch10-00-generics
        - prity: "Traits: Defining Shared Behavior"
          link: /book-1/ch10-02-traits
    - name: Validating References with Lifetimes
      output: BASEDIR/_out/html/book-1/ch10-03-lifetime-syntax/index.html
      input: BASEDIR/book-1/ch10-03-lifetime-syntax.md
      toc: []
      next: /book-1/ch11-00-testing
      prev: /book-1/ch10-02-traits
      heirachy:
        - prity: The Rust Programming Language
          link: /book-1
        - prity: "Generic Types, Traits, and Lifetimes"
          link: /book-1/ch10-00-generics
        - prity: Validating References with Lifetimes
          link: /book-1/ch10-03-lifetime-syntax
    - name: Writing Automated Tests
      output: BASEDIR/_out/html/book-1/ch11-00-testing/index.html
      input: BASEDIR/book-1/ch11-00-testing.md
      toc: []
      next: /book-1/ch11-01-writing-tests
      prev: /book-1/ch10-03-lifetime-syntax
      heirachy:
        - prity: The Rust Programming Language
          link: /book-1
        - prity: Writing Automated Tests
          link: /book-1/ch11-00-testing
    - name: How to Write Tests
      output: BASEDIR/_out/html/book-1/ch11-01-writing-tests/index.html
      input: BASEDIR/book-1/ch11-01-writing-tests.md
      toc: []
      next: /book-1/ch11-02-running-tests
      prev: /book-1/ch11-00-testing
      heirachy:
        - prity: The Rust Programming Language
          link: /book-1
        - prity: Writing Automated Tests
          link: /book-1/ch11-00-testing
        - prity: How to Write Tests
          link: /book-1/ch11-01-writing-tests
    - name: Controlling How Tests Are Run
      output: BASEDIR/_out/html/book-1/ch11-02-running-tests/index.html
      input: BASEDIR/book-1/ch11-02-running-tests.md
      toc: []
      next: /book-1/ch11-03-test-organization
      prev: /book-1/ch11-01-writing-tests
      heirachy:
        - prity: The Rust Programming Language
          link: /book-1
        - prity: Writing Automated Tests
          link: /book-1/ch11-00-testing
        - prity: Controlling How Tests Are Run
          link: /book-1/ch11-02-running-tests
    - name: Test Organization
      output: BASEDIR/_out/html/book-1/ch11-03-test-organization/index.html
      input: BASEDIR/book-1/ch11-03-test-organization.md
      toc: []
      next: /book-1/ch12-00-an-io-project
      prev: /book-1/ch11-02-running-tests
      heirachy:
        - prity: The Rust Programming Language
          link: /book-1
        - prity: Writing Automated Tests
          link: /book-1/ch11-00-testing
        - prity: Test Organization
          link: /book-1/ch11-03-test-organization
    - name: "An I/O Project: Building a Command Line Program"
      output: BASEDIR/_out/html/book-1/ch12-00-an-io-project/index.html
      input: BASEDIR/book-1/ch12-00-an-io-project.md
      toc: []
      next: /book-1/ch12-01-accepting-command-line-arguments
      prev: /book-1/ch11-03-test-organization
      heirachy:
        - prity: The Rust Programming Language
          link: /book-1
        - prity: "An I/O Project: Building a Command Line Program"
          link: /book-1/ch12-00-an-io-project
    - name: Accepting Command Line Arguments
      output: BASEDIR/_out/html/book-1/ch12-01-accepting-command-line-arguments/index.html
      input: BASEDIR/book-1/ch12-01-accepting-command-line-arguments.md
      toc: []
      next: /book-1/ch12-02-reading-a-file
      prev: /book-1/ch12-00-an-io-project
      heirachy:
        - prity: The Rust Programming Language
          link: /book-1
        - prity: "An I/O Project: Building a Command Line Program"
          link: /book-1/ch12-00-an-io-project
        - prity: Accepting Command Line Arguments
          link: /book-1/ch12-01-accepting-command-line-arguments
    - name: Reading a File
      output: BASEDIR/_out/html/book-1/ch12-02-reading-a-file/index.html
      input: BASEDIR/book-1/ch12-02-reading-a-file.md
      toc: []
      next: /book-1/ch12-03-improving-error-handling-and-modularity
      prev: /book-1/ch12-01-accepting-command-line-arguments
      heirachy:
        - prity: The Rust Programming Language
          link: /book-1
        - prity: "An I/O Project: Building a Command Line Program"
          link: /book-1/ch12-00-an-io-project
        - prity: Reading a File
          link: /book-1/ch12-02-reading-a-file
    - name: Refactoring to Improve Modularity and Error Handling
      output: BASEDIR/_out/html/book-1/ch12-03-improving-error-handling-and-modularity/index.html
      input: BASEDIR/book-1/ch12-03-improving-error-handling-and-modularity.md
      toc: []
      next: /book-1/ch12-04-testing-the-librarys-functionality
      prev: /book-1/ch12-02-reading-a-file
      heirachy:
        - prity: The Rust Programming Language
          link: /book-1
        - prity: "An I/O Project: Building a Command Line Program"
          link: /book-1/ch12-00-an-io-project
        - prity: Refactoring to Improve Modularity and Error Handling
          link: /book-1/ch12-03-improving-error-handling-and-modularity
    - name: Developing the Library’s Functionality with Test Driven Development
      output: BASEDIR/_out/html/book-1/ch12-04-testing-the-librarys-functionality/index.html
      input: BASEDIR/book-1/ch12-04-testing-the-librarys-functionality.md
      toc: []
      next: /book-1/ch12-05-working-with-environment-variables
      prev: /book-1/ch12-03-improving-error-handling-and-modularity
      heirachy:
        - prity: The Rust Programming Language
          link: /book-1
        - prity: "An I/O Project: Building a Command Line Program"
          link: /book-1/ch12-00-an-io-project
        - prity: Developing the Library’s Functionality with Test Driven Development
          link: /book-1/ch12-04-testing-the-librarys-functionality
    - name: Working with Environment Variables
      output: BASEDIR/_out/html/book-1/ch12-05-working-with-environment-variables/index.html
      input: BASEDIR/book-1/ch12-05-working-with-environment-variables.md
      toc: []
      next: /book-1/ch12-06-writing-to-stderr-instead-of-stdout
      prev: /book-1/ch12-04-testing-the-librarys-functionality
      heirachy:
        - prity: The Rust Programming Language
          link: /book-1
        - prity: "An I/O Project: Building a Command Line Program"
          link: /book-1/ch12-00-an-io-project
        - prity: Working with Environment Variables
          link: /book-1/ch12-05-working-with-environment-variables
    - name: Writing Error Messages to Standard Error Instead of Standard Output
      output: BASEDIR/_out/html/book-1/ch12-06-writing-to-stderr-instead-of-stdout/index.html
      input: BASEDIR/book-1/ch12-06-writing-to-stderr-instead-of-stdout.md
      toc: []
      next: /book-1/ch13-00-functional-features
      prev: /book-1/ch12-05-working-with-environment-variables
      heirachy:
        - prity: The Rust Programming Language
          link: /book-1
        - prity: "An I/O Project: Building a Command Line Program"
          link: /book-1/ch12-00-an-io-project
        - prity: Writing Error Messages to Standard Error Instead of Standard Output
          link: /book-1/ch12-06-writing-to-stderr-instead-of-stdout
    - name: "Functional Language Features: Iterators and Closures"
      output: BASEDIR/_out/html/book-1/ch13-00-functional-features/index.html
      input: BASEDIR/book-1/ch13-00-functional-features.md
      toc: []
      next: /book-1/ch13-01-closures
      prev: /book-1/ch12-06-writing-to-stderr-instead-of-stdout
      heirachy:
        - prity: The Rust Programming Language
          link: /book-1
        - prity: "Functional Language Features: Iterators and Closures"
          link: /book-1/ch13-00-functional-features
    - name: "Closures: Anonymous Functions that Can Capture Their Environment"
      output: BASEDIR/_out/html/book-1/ch13-01-closures/index.html
      input: BASEDIR/book-1/ch13-01-closures.md
      toc: []
      next: /book-1/ch13-02-iterators
      prev: /book-1/ch13-00-functional-features
      heirachy:
        - prity: The Rust Programming Language
          link: /book-1
        - prity: "Functional Language Features: Iterators and Closures"
          link: /book-1/ch13-00-functional-features
        - prity: "Closures: Anonymous Functions that Can Capture Their Environment"
          link: /book-1/ch13-01-closures
    - name: Processing a Series of Items with Iterators
      output: BASEDIR/_out/html/book-1/ch13-02-iterators/index.html
      input: BASEDIR/book-1/ch13-02-iterators.md
      toc: []
      next: /book-1/ch13-03-improving-our-io-project
      prev: /book-1/ch13-01-closures
      heirachy:
        - prity: The Rust Programming Language
          link: /book-1
        - prity: "Functional Language Features: Iterators and Closures"
          link: /book-1/ch13-00-functional-features
        - prity: Processing a Series of Items with Iterators
          link: /book-1/ch13-02-iterators
    - name: Improving Our I/O Project
      output: BASEDIR/_out/html/book-1/ch13-03-improving-our-io-project/index.html
      input: BASEDIR/book-1/ch13-03-improving-our-io-project.md
      toc: []
      next: /book-1/ch13-04-performance
      prev: /book-1/ch13-02-iterators
      heirachy:
        - prity: The Rust Programming Language
          link: /book-1
        - prity: "Functional Language Features: Iterators and Closures"
          link: /book-1/ch13-00-functional-features
        - prity: Improving Our I/O Project
          link: /book-1/ch13-03-improving-our-io-project
    - name: "Comparing Performance: Loops vs. Iterators"
      output: BASEDIR/_out/html/book-1/ch13-04-performance/index.html
      input: BASEDIR/book-1/ch13-04-performance.md
      toc: []
      next: /book-1/ch14-00-more-about-cargo
      prev: /book-1/ch13-03-improving-our-io-project
      heirachy:
        - prity: The Rust Programming Language
          link: /book-1
        - prity: "Functional Language Features: Iterators and Closures"
          link: /book-1/ch13-00-functional-features
        - prity: "Comparing Performance: Loops vs. Iterators"
          link: /book-1/ch13-04-performance
    - name: More about Cargo and Crates.io
      output: BASEDIR/_out/html/book-1/ch14-00-more-about-cargo/index.html
      input: BASEDIR/book-1/ch14-00-more-about-cargo.md
      toc: []
      next: /book-1/ch14-01-release-profiles
      prev: /book-1/ch13-04-performance
      heirachy:
        - prity: The Rust Programming Language
          link: /book-1
        - prity: More about Cargo and Crates.io
          link: /book-1/ch14-00-more-about-cargo
    - name: Customizing Builds with Release Profiles
      output: BASEDIR/_out/html/book-1/ch14-01-release-profiles/index.html
      input: BASEDIR/book-1/ch14-01-release-profiles.md
      toc: []
      next: /book-1/ch14-02-publishing-to-crates-io
      prev: /book-1/ch14-00-more-about-cargo
      heirachy:
        - prity: The Rust Programming Language
          link: /book-1
        - prity: More about Cargo and Crates.io
          link: /book-1/ch14-00-more-about-cargo
        - prity: Customizing Builds with Release Profiles
          link: /book-1/ch14-01-release-profiles
    - name: Publishing a Crate to Crates.io
      output: BASEDIR/_out/html/book-1/ch14-02-publishing-to-crates-io/index.html
      input: BASEDIR/book-1/ch14-02-publishing-to-crates-io.md
      toc: []
      next: /book-1/ch14-03-cargo-workspaces
      prev: /book-1/ch14-01-release-profiles
      heirachy:
        - prity: The Rust Programming Language
          link: /book-1
        - prity: More about Cargo and Crates.io
          link: /book-1/ch14-00-more-about-cargo
        - prity: Publishing a Crate to Crates.io
          link: /book-1/ch14-02-publishing-to-crates-io
    - name: Cargo Workspaces
      output: BASEDIR/_out/html/book-1/ch14-03-cargo-workspaces/index.html
      input: BASEDIR/book-1/ch14-03-cargo-workspaces.md
      toc: []
      next: /book-1/ch14-04-installing-binaries
      prev: /book-1/ch14-02-publishing-to-crates-io
      heirachy:
        - prity: The Rust Programming Language
          link: /book-1
        - prity: More about Cargo and Crates.io
          link: /book-1/ch14-00-more-about-cargo
        - prity: Cargo Workspaces
          link: /book-1/ch14-03-cargo-workspaces
    - name: Installing Binaries from Crates.io with cargo install
      output: BASEDIR/_out/html/book-1/ch14-04-installing-binaries/index.html
      input: BASEDIR/book-1/ch14-04-installing-binaries.md
      toc: []
      next: /book-1/ch14-05-extending-cargo
      prev: /book-1/ch14-03-cargo-workspaces
      heirachy:
        - prity: The Rust Programming Language
          link: /book-1
        - prity: More about Cargo and Crates.io
          link: /book-1/ch14-00-more-about-cargo
        - prity: Installing Binaries from Crates.io with cargo install
          link: /book-1/ch14-04-installing-binaries
    - name: Extending Cargo with Custom Commands
      output: BASEDIR/_out/html/book-1/ch14-05-extending-cargo/index.html
      input: BASEDIR/book-1/ch14-05-extending-cargo.md
      toc: []
      next: /book-1/ch15-00-smart-pointers
      prev: /book-1/ch14-04-installing-binaries
      heirachy:
        - prity: The Rust Programming Language
          link: /book-1
        - prity: More about Cargo and Crates.io
          link: /book-1/ch14-00-more-about-cargo
        - prity: Extending Cargo with Custom Commands
          link: /book-1/ch14-05-extending-cargo
    - name: Smart Pointers
      output: BASEDIR/_out/html/book-1/ch15-00-smart-pointers/index.html
      input: BASEDIR/book-1/ch15-00-smart-pointers.md
      toc: []
      next: /book-1/ch15-01-box
      prev: /book-1/ch14-05-extending-cargo
      heirachy:
        - prity: The Rust Programming Language
          link: /book-1
        - prity: Smart Pointers
          link: /book-1/ch15-00-smart-pointers
    - name: Using Box<T> to Point to Data on the Heap
      output: BASEDIR/_out/html/book-1/ch15-01-box/index.html
      input: BASEDIR/book-1/ch15-01-box.md
      toc: []
      next: /book-1/ch15-02-deref
      prev: /book-1/ch15-00-smart-pointers
      heirachy:
        - prity: The Rust Programming Language
          link: /book-1
        - prity: Smart Pointers
          link: /book-1/ch15-00-smart-pointers
        - prity: Using Box<T> to Point to Data on the Heap
          link: /book-1/ch15-01-box
    - name: Treating Smart Pointers Like Regular References with the Deref Trait
      output: BASEDIR/_out/html/book-1/ch15-02-deref/index.html
      input: BASEDIR/book-1/ch15-02-deref.md
      toc: []
      next: /book-1/ch15-03-drop
      prev: /book-1/ch15-01-box
      heirachy:
        - prity: The Rust Programming Language
          link: /book-1
        - prity: Smart Pointers
          link: /book-1/ch15-00-smart-pointers
        - prity: Treating Smart Pointers Like Regular References with the Deref Trait
          link: /book-1/ch15-02-deref
    - name: Running Code on Cleanup with the Drop Trait
      output: BASEDIR/_out/html/book-1/ch15-03-drop/index.html
      input: BASEDIR/book-1/ch15-03-drop.md
      toc: []
      next: /book-1/ch15-04-rc
      prev: /book-1/ch15-02-deref
      heirachy:
        - prity: The Rust Programming Language
          link: /book-1
        - prity: Smart Pointers
          link: /book-1/ch15-00-smart-pointers
        - prity: Running Code on Cleanup with the Drop Trait
          link: /book-1/ch15-03-drop
    - name: "Rc<T>, the Reference Counted Smart Pointer"
      output: BASEDIR/_out/html/book-1/ch15-04-rc/index.html
      input: BASEDIR/book-1/ch15-04-rc.md
      toc: []
      next: /book-1/ch15-05-interior-mutability
      prev: /book-1/ch15-03-drop
      heirachy:
        - prity: The Rust Programming Language
          link: /book-1
        - prity: Smart Pointers
          link: /book-1/ch15-00-smart-pointers
        - prity: "Rc<T>, the Reference Counted Smart Pointer"
          link: /book-1/ch15-04-rc
    - name: RefCell<T> and the Interior Mutability Pattern
      output: BASEDIR/_out/html/book-1/ch15-05-interior-mutability/index.html
      input: BASEDIR/book-1/ch15-05-interior-mutability.md
      toc: []
      next: /book-1/ch15-06-reference-cycles
      prev: /book-1/ch15-04-rc
      heirachy:
        - prity: The Rust Programming Language
          link: /book-1
        - prity: Smart Pointers
          link: /book-1/ch15-00-smart-pointers
        - prity: RefCell<T> and the Interior Mutability Pattern
          link: /book-1/ch15-05-interior-mutability
    - name: Reference Cycles Can Leak Memory
      output: BASEDIR/_out/html/book-1/ch15-06-reference-cycles/index.html
      input: BASEDIR/book-1/ch15-06-reference-cycles.md
      toc: []
      next: /book-1/ch16-00-concurrency
      prev: /book-1/ch15-05-interior-mutability
      heirachy:
        - prity: The Rust Programming Language
          link: /book-1
        - prity: Smart Pointers
          link: /book-1/ch15-00-smart-pointers
        - prity: Reference Cycles Can Leak Memory
          link: /book-1/ch15-06-reference-cycles
    - name: Fearless Concurrency
      output: BASEDIR/_out/html/book-1/ch16-00-concurrency/index.html
      input: BASEDIR/book-1/ch16-00-concurrency.md
      toc: []
      next: /book-1/ch16-01-threads
      prev: /book-1/ch15-06-reference-cycles
      heirachy:
        - prity: The Rust Programming Language
          link: /book-1
        - prity: Fearless Concurrency
          link: /book-1/ch16-00-concurrency
    - name: Using Threads to Run Code Simultaneously
      output: BASEDIR/_out/html/book-1/ch16-01-threads/index.html
      input: BASEDIR/book-1/ch16-01-threads.md
      toc: []
      next: /book-1/ch16-02-message-passing
      prev: /book-1/ch16-00-concurrency
      heirachy:
        - prity: The Rust Programming Language
          link: /book-1
        - prity: Fearless Concurrency
          link: /book-1/ch16-00-concurrency
        - prity: Using Threads to Run Code Simultaneously
          link: /book-1/ch16-01-threads
    - name: Using Message Passing to Transfer Data Between Threads
      output: BASEDIR/_out/html/book-1/ch16-02-message-passing/index.html
      input: BASEDIR/book-1/ch16-02-message-passing.md
      toc: []
      next: /book-1/ch16-03-shared-state
      prev: /book-1/ch16-01-threads
      heirachy:
        - prity: The Rust Programming Language
          link: /book-1
        - prity: Fearless Concurrency
          link: /book-1/ch16-00-concurrency
        - prity: Using Message Passing to Transfer Data Between Threads
          link: /book-1/ch16-02-message-passing
    - name: Shared-State Concurrency
      output: BASEDIR/_out/html/book-1/ch16-03-shared-state/index.html
      input: BASEDIR/book-1/ch16-03-shared-state.md
      toc: []
      next: /book-1/ch16-04-extensible-concurrency-sync-and-send
      prev: /book-1/ch16-02-message-passing
      heirachy:
        - prity: The Rust Programming Language
          link: /book-1
        - prity: Fearless Concurrency
          link: /book-1/ch16-00-concurrency
        - prity: Shared-State Concurrency
          link: /book-1/ch16-03-shared-state
    - name: Extensible Concurrency with the Sync and Send Traits
      output: BASEDIR/_out/html/book-1/ch16-04-extensible-concurrency-sync-and-send/index.html
      input: BASEDIR/book-1/ch16-04-extensible-concurrency-sync-and-send.md
      toc: []
      next: /book-1/ch17-00-oop
      prev: /book-1/ch16-03-shared-state
      heirachy:
        - prity: The Rust Programming Language
          link: /book-1
        - prity: Fearless Concurrency
          link: /book-1/ch16-00-concurrency
        - prity: Extensible Concurrency with the Sync and Send Traits
          link: /book-1/ch16-04-extensible-concurrency-sync-and-send
    - name: Object Oriented Programming Features of Rust
      output: BASEDIR/_out/html/book-1/ch17-00-oop/index.html
      input: BASEDIR/book-1/ch17-00-oop.md
      toc: []
      next: /book-1/ch17-01-what-is-oo
      prev: /book-1/ch16-04-extensible-concurrency-sync-and-send
      heirachy:
        - prity: The Rust Programming Language
          link: /book-1
        - prity: Object Oriented Programming Features of Rust
          link: /book-1/ch17-00-oop
    - name: Characteristics of Object-Oriented Languages
      output: BASEDIR/_out/html/book-1/ch17-01-what-is-oo/index.html
      input: BASEDIR/book-1/ch17-01-what-is-oo.md
      toc: []
      next: /book-1/ch17-02-trait-objects
      prev: /book-1/ch17-00-oop
      heirachy:
        - prity: The Rust Programming Language
          link: /book-1
        - prity: Object Oriented Programming Features of Rust
          link: /book-1/ch17-00-oop
        - prity: Characteristics of Object-Oriented Languages
          link: /book-1/ch17-01-what-is-oo
    - name: Using Trait Objects That Allow for Values of Different Types
      output: BASEDIR/_out/html/book-1/ch17-02-trait-objects/index.html
      input: BASEDIR/book-1/ch17-02-trait-objects.md
      toc: []
      next: /book-1/ch17-03-oo-design-patterns
      prev: /book-1/ch17-01-what-is-oo
      heirachy:
        - prity: The Rust Programming Language
          link: /book-1
        - prity: Object Oriented Programming Features of Rust
          link: /book-1/ch17-00-oop
        - prity: Using Trait Objects That Allow for Values of Different Types
          link: /book-1/ch17-02-trait-objects
    - name: Implementing an Object-Oriented Design Pattern
      output: BASEDIR/_out/html/book-1/ch17-03-oo-design-patterns/index.html
      input: BASEDIR/book-1/ch17-03-oo-design-patterns.md
      toc: []
      next: /book-1/ch18-00-patterns
      prev: /book-1/ch17-02-trait-objects
      heirachy:
        - prity: The Rust Programming Language
          link: /book-1
        - prity: Object Oriented Programming Features of Rust
          link: /book-1/ch17-00-oop
        - prity: Implementing an Object-Oriented Design Pattern
          link: /book-1/ch17-03-oo-design-patterns
    - name: Patterns and Matching
      output: BASEDIR/_out/html/book-1/ch18-00-patterns/index.html
      input: BASEDIR/book-1/ch18-00-patterns.md
      toc: []
      next: /book-1/ch18-01-all-the-places-for-patterns
      prev: /book-1/ch17-03-oo-design-patterns
      heirachy:
        - prity: The Rust Programming Language
          link: /book-1
        - prity: Patterns and Matching
          link: /book-1/ch18-00-patterns
    - name: All the Places Patterns Can Be Used
      output: BASEDIR/_out/html/book-1/ch18-01-all-the-places-for-patterns/index.html
      input: BASEDIR/book-1/ch18-01-all-the-places-for-patterns.md
      toc: []
      next: /book-1/ch18-02-refutability
      prev: /book-1/ch18-00-patterns
      heirachy:
        - prity: The Rust Programming Language
          link: /book-1
        - prity: Patterns and Matching
          link: /book-1/ch18-00-patterns
        - prity: All the Places Patterns Can Be Used
          link: /book-1/ch18-01-all-the-places-for-patterns
    - name: "Refutability: Whether a Pattern Might Fail to Match"
      output: BASEDIR/_out/html/book-1/ch18-02-refutability/index.html
      input: BASEDIR/book-1/ch18-02-refutability.md
      toc: []
      next: /book-1/ch18-03-pattern-syntax
      prev: /book-1/ch18-01-all-the-places-for-patterns
      heirachy:
        - prity: The Rust Programming Language
          link: /book-1
        - prity: Patterns and Matching
          link: /book-1/ch18-00-patterns
        - prity: "Refutability: Whether a Pattern Might Fail to Match"
          link: /book-1/ch18-02-refutability
    - name: Pattern Syntax
      output: BASEDIR/_out/html/book-1/ch18-03-pattern-syntax/index.html
      input: BASEDIR/book-1/ch18-03-pattern-syntax.md
      toc: []
      next: /book-1/ch19-00-advanced-features
      prev: /book-1/ch18-02-refutability
      heirachy:
        - prity: The Rust Programming Language
          link: /book-1
        - prity: Patterns and Matching
          link: /book-1/ch18-00-patterns
        - prity: Pattern Syntax
          link: /book-1/ch18-03-pattern-syntax
    - name: Advanced Features
      output: BASEDIR/_out/html/book-1/ch19-00-advanced-features/index.html
      input: BASEDIR/book-1/ch19-00-advanced-features.md
      toc: []
      next: /book-1/ch19-01-unsafe-rust
      prev: /book-1/ch18-03-pattern-syntax
      heirachy:
        - prity: The Rust Programming Language
          link: /book-1
        - prity: Advanced Features
          link: /book-1/ch19-00-advanced-features
    - name: Unsafe Rust
      output: BASEDIR/_out/html/book-1/ch19-01-unsafe-rust/index.html
      input: BASEDIR/book-1/ch19-01-unsafe-rust.md
      toc: []
      next: /book-1/ch19-03-advanced-traits
      prev: /book-1/ch19-00-advanced-features
      heirachy:
        - prity: The Rust Programming Language
          link: /book-1
        - prity: Advanced Features
          link: /book-1/ch19-00-advanced-features
        - prity: Unsafe Rust
          link: /book-1/ch19-01-unsafe-rust
    - name: Advanced Traits
      output: BASEDIR/_out/html/book-1/ch19-03-advanced-traits/index.html
      input: BASEDIR/book-1/ch19-03-advanced-traits.md
      toc: []
      next: /book-1/ch19-04-advanced-types
      prev: /book-1/ch19-01-unsafe-rust
      heirachy:
        - prity: The Rust Programming Language
          link: /book-1
        - prity: Advanced Features
          link: /book-1/ch19-00-advanced-features
        - prity: Advanced Traits
          link: /book-1/ch19-03-advanced-traits
    - name: Advanced Types
      output: BASEDIR/_out/html/book-1/ch19-04-advanced-types/index.html
      input: BASEDIR/book-1/ch19-04-advanced-types.md
      toc: []
      next: /book-1/ch19-05-advanced-functions-and-closures
      prev: /book-1/ch19-03-advanced-traits
      heirachy:
        - prity: The Rust Programming Language
          link: /book-1
        - prity: Advanced Features
          link: /book-1/ch19-00-advanced-features
        - prity: Advanced Types
          link: /book-1/ch19-04-advanced-types
    - name: Advanced Functions and Closures
      output: BASEDIR/_out/html/book-1/ch19-05-advanced-functions-and-closures/index.html
      input: BASEDIR/book-1/ch19-05-advanced-functions-and-closures.md
      toc: []
      next: /book-1/ch19-06-macros
      prev: /book-1/ch19-04-advanced-types
      heirachy:
        - prity: The Rust Programming Language
          link: /book-1
        - prity: Advanced Features
          link: /book-1/ch19-00-advanced-features
        - prity: Advanced Functions and Closures
          link: /book-1/ch19-05-advanced-functions-and-closures
    - name: Macros
      output: BASEDIR/_out/html/book-1/ch19-06-macros/index.html
      input: BASEDIR/book-1/ch19-06-macros.md
      toc: []
      next: /book-1/ch20-00-final-project-a-web-server
      prev: /book-1/ch19-05-advanced-functions-and-closures
      heirachy:
        - prity: The Rust Programming Language
          link: /book-1
        - prity: Advanced Features
          link: /book-1/ch19-00-advanced-features
        - prity: Macros
          link: /book-1/ch19-06-macros
    - name: "Final Project: Building a Multithreaded Web Server"
      output: BASEDIR/_out/html/book-1/ch20-00-final-project-a-web-server/index.html
      input: BASEDIR/book-1/ch20-00-final-project-a-web-server.md
      toc: []
      next: /book-1/ch20-01-single-threaded
      prev: /book-1/ch19-06-macros
      heirachy:
        - prity: The Rust Programming Language
          link: /book-1
        - prity: "Final Project: Building a Multithreaded Web Server"
          link: /book-1/ch20-00-final-project-a-web-server
    - name: Building a Single-Threaded Web Server
      output: BASEDIR/_out/html/book-1/ch20-01-single-threaded/index.html
      input: BASEDIR/book-1/ch20-01-single-threaded.md
      toc: []
      next: /book-1/ch20-02-multithreaded
      prev: /book-1/ch20-00-final-project-a-web-server
      heirachy:
        - prity: The Rust Programming Language
          link: /book-1
        - prity: "Final Project: Building a Multithreaded Web Server"
          link: /book-1/ch20-00-final-project-a-web-server
        - prity: Building a Single-Threaded Web Server
          link: /book-1/ch20-01-single-threaded
    - name: Turning Our Single-Threaded Server into a Multithreaded Server
      output: BASEDIR/_out/html/book-1/ch20-02-multithreaded/index.html
      input: BASEDIR/book-1/ch20-02-multithreaded.md
      toc: []
      next: /book-1/ch20-03-graceful-shutdown-and-cleanup
      prev: /book-1/ch20-01-single-threaded
      heirachy:
        - prity: The Rust Programming Language
          link: /book-1
        - prity: "Final Project: Building a Multithreaded Web Server"
          link: /book-1/ch20-00-final-project-a-web-server
        - prity: Turning Our Single-Threaded Server into a Multithreaded Server
          link: /book-1/ch20-02-multithreaded
    - name: Graceful Shutdown and Cleanup
      output: BASEDIR/_out/html/book-1/ch20-03-graceful-shutdown-and-cleanup/index.html
      input: BASEDIR/book-1/ch20-03-graceful-shutdown-and-cleanup.md
      toc: []
      next: /book-1/appendix-00
      prev: /book-1/ch20-02-multithreaded
      heirachy:
        - prity: The Rust Programming Language
          link: /book-1
        - prity: "Final Project: Building a Multithreaded Web Server"
          link: /book-1/ch20-00-final-project-a-web-server
        - prity: Graceful Shutdown and Cleanup
          link: /book-1/ch20-03-graceful-shutdown-and-cleanup
    - name: Appendix
      output: BASEDIR/_out/html/book-1/appendix-00/index.html
      input: BASEDIR/book-1/appendix-00.md
      toc: []
      next: /book-1/appendix-01-keywords
      prev: /book-1/ch20-03-graceful-shutdown-and-cleanup
      heirachy:
        - prity: The Rust Programming Language
          link: /book-1
        - prity: Appendix
          link: /book-1/appendix-00
    - name: A - Keywords
      output: BASEDIR/_out/html/book-1/appendix-01-keywords/index.html
      input: BASEDIR/book-1/appendix-01-keywords.md
      toc: []
      next: /book-1/appendix-02-operators
      prev: /book-1/appendix-00
      heirachy:
        - prity: The Rust Programming Language
          link: /book-1
        - prity: Appendix
          link: /book-1/appendix-00
        - prity: A - Keywords
          link: /book-1/appendix-01-keywords
    - name: B - Operators and Symbols
      output: BASEDIR/_out/html/book-1/appendix-02-operators/index.html
      input: BASEDIR/book-1/appendix-02-operators.md
      toc: []
      next: /book-1/appendix-03-derivable-traits
      prev: /book-1/appendix-01-keywords
      heirachy:
        - prity: The Rust Programming Language
          link: /book-1
        - prity: Appendix
          link: /book-1/appendix-00
        - prity: B - Operators and Symbols
          link: /book-1/appendix-02-operators
    - name: C - Derivable Traits
      output: BASEDIR/_out/html/book-1/appendix-03-derivable-traits/index.html
      input: BASEDIR/book-1/appendix-03-derivable-traits.md
      toc: []
      next: /book-1/appendix-04-useful-development-tools
      prev: /book-1/appendix-02-operators
      heirachy:
        - prity: The Rust Programming Language
          link: /book-1
        - prity: Appendix
          link: /book-1/appendix-00
        - prity: C - Derivable Traits
          link: /book-1/appendix-03-derivable-traits
    - name: D - Useful Development Tools
      output: BASEDIR/_out/html/book-1/appendix-04-useful-development-tools/index.html
      input: BASEDIR/book-1/appendix-04-useful-development-tools.md
      toc: []
      next: /book-1/appendix-05-editions
      prev: /book-1/appendix-03-derivable-traits
      heirachy:
        - prity: The Rust Programming Language
          link: /book-1
        - prity: Appendix
          link: /book-1/appendix-00
        - prity: D - Useful Development Tools
          link: /book-1/appendix-04-useful-development-tools
    - name: E - Editions
      output: BASEDIR/_out/html/book-1/appendix-05-editions/index.html
      input: BASEDIR/book-1/appendix-05-editions.md
      toc: []
      next: /book-1/appendix-06-translation
      prev: /book-1/appendix-04-useful-development-tools
      heirachy:
        - prity: The Rust Programming Language
          link: /book-1
        - prity: Appendix
          link: /book-1/appendix-00
        - prity: E - Editions
          link: /book-1/appendix-05-editions
    - name: F - Translations of the Book
      output: BASEDIR/_out/html/book-1/appendix-06-translation/index.html
      input: BASEDIR/book-1/appendix-06-translation.md
      toc: []
      next: /book-1/appendix-07-nightly-rust
      prev: /book-1/appendix-05-editions
      heirachy:
        - prity: The Rust Programming Language
          link: /book-1
        - prity: Appendix
          link: /book-1/appendix-00
        - prity: F - Translations of the Book
          link: /book-1/appendix-06-translation
    - name: G - How Rust is Made and “Nightly Rust”
      output: BASEDIR/_out/html/book-1/appendix-07-nightly-rust/index.html
      input: BASEDIR/book-1/appendix-07-nightly-rust.md
      toc: []
      next: /book-1/title-page
      prev: /book-1/appendix-06-translation
      heirachy:
        - prity: The Rust Programming Language
          link: /book-1
        - prity: Appendix
          link: /book-1/appendix-00
        - prity: G - How Rust is Made and “Nightly Rust”
          link: /book-1/appendix-07-nightly-rust
    - name: The Rust Programming Language
      output: BASEDIR/_out/html/book-1/title-page/index.html
      input: BASEDIR/book-1/title-page.md
      toc: []
      next: /book-1/foreword
      prev: /book-1/appendix-07-nightly-rust
      heirachy:
        - prity: The Rust Programming Language
          link: /book-1
        - prity: The Rust Programming Language
          link: /book-1/title-page
    - name: Foreword
      output: BASEDIR/_out/html/book-1/foreword/index.html
      input: BASEDIR/book-1/foreword.md
      toc: []
      next: /book-1/ch00-00-introduction
      prev: /book-1/title-page
      heirachy:
        - prity: The Rust Programming Language
          link: /book-1
        - prity: Foreword
          link: /book-1/foreword
    - name: Introduction
      output: BASEDIR/_out/html/book-1/ch00-00-introduction/index.html
      input: BASEDIR/book-1/ch00-00-introduction.md
      toc: []
      next: ~
      prev: /book-1/foreword
      heirachy:
        - prity: The Rust Programming Language
          link: /book-1
        - prity: Introduction
          link: /book-1/ch00-00-introduction
- title: Summary
  pages:
    - name: mdBook
      output: BASEDIR/_out/html/book-2/index.html
      input: BASEDIR/book-2/README.md
      toc: []
      next: /book-2/cli
      prev: ~
      heirachy:
        - prity: Summary
          link: /book-2
        - prity: mdBook
          link: /book-2
    - name: Command Line Tool
      output: BASEDIR/_out/html/book-2/cli/index.html
      input: BASEDIR/book-2/cli/README.md
      toc: []
      next: /book-2/cli/init
      prev: /book-2
      heirachy:
        - prity: Summary
          link: /book-2
        - prity: Command Line Tool
          link: /book-2/cli
    - name: init
      output: BASEDIR/_out/html/book-2/cli/init/index.html
      input: BASEDIR/book-2/cli/init.md
      toc: []
      next: /book-2/cli/build
      prev: /book-2/cli
      heirachy:
        - prity: Summary
          link: /book-2
        - prity: Command Line Tool
          link: /book-2/cli
        - prity: init
          link: /book-2/cli/init
    - name: build
      output: BASEDIR/_out/html/book-2/cli/build/index.html
      input: BASEDIR/book-2/cli/build.md
      toc: []
      next: /book-2/cli/watch
      prev: /book-2/cli/init
      heirachy:
        - prity: Summary
          link: /book-2
        - prity: Command Line Tool
          link: /book-2/cli
        - prity: build
          link: /book-2/cli/build
    - name: watch
      output: BASEDIR/_out/html/book-2/cli/watch/index.html
      input: BASEDIR/book-2/cli/watch.md
      toc: []
      next: /book-2/cli/serve
      prev: /book-2/cli/build
      heirachy:
        - prity: Summary
          link: /book-2
        - prity: Command Line Tool
          link: /book-2/cli
        - prity: watch
          link: /book-2/cli/watch
    - name: serve
      output: BASEDIR/_out/html/book-2/cli/serve/index.html
      input: BASEDIR/book-2/cli/serve.md
      toc: []
      next: /book-2/cli/test
      prev: /book-2/cli/watch
      heirachy:
        - prity: Summary
          link: /book-2
        - prity: Command Line Tool
          link: /book-2/cli
        - prity: serve
          link: /book-2/cli/serve
    - name: test
      output: BASEDIR/_out/html/book-2/cli/test/index.html
      input: BASEDIR/book-2/cli/test.md
      toc: []
      next: /book-2/cli/clean
      prev: /book-2/cli/serve
      heirachy:
        - prity: Summary
          link: /book-2
        - prity: Command Line Tool
          link: /book-2/cli
        - prity: test
          link: /book-2/cli/test
    - name: clean
      output: BASEDIR/_out/html/book-2/cli/clean/index.html
      input: BASEDIR/book-2/cli/clean.md
      toc: []
      next: /book-2/format
      prev: /book-2/cli/test
      heirachy:
        - prity: Summary
          link: /book-2
        - prity: Command Line Tool
          link: /book-2/cli
        - prity: clean
          link: /book-2/cli/clean
    - name: Format
      output: BASEDIR/_out/html/book-2/format/index.html
      input: BASEDIR/book-2/format/README.md
      toc: []
      next: /book-2/format/summary
      prev: /book-2/cli/clean
      heirachy:
        - prity: Summary
          link: /book-2
        - prity: Format
          link: /book-2/format
    - name: SUMMARY.md
      output: BASEDIR/_out/html/book-2/format/summary/index.html
      input: BASEDIR/book-2/format/summary.md
      toc: []
      next: /book-2/format/config
      prev: /book-2/format
      heirachy:
        - prity: Summary
          link: /book-2
        - prity: Format
          link: /book-2/format
        - prity: SUMMARY.md
          link: /book-2/format/summary
    - name: Configuration
      output: BASEDIR/_out/html/book-2/format/config/index.html
      input: BASEDIR/book-2/format/config.md
      toc: []
      next: /book-2/format/theme
      prev: /book-2/format/summary
      heirachy:
        - prity: Summary
          link: /book-2
        - prity: Format
          link: /book-2/format
        - prity: Configuration
          link: /book-2/format/config
    - name: Theme
      output: BASEDIR/_out/html/book-2/format/theme/index.html
      input: BASEDIR/book-2/format/theme/README.md
      toc: []
      next: /book-2/format/theme/index-hbs
      prev: /book-2/format/config
      heirachy:
        - prity: Summary
          link: /book-2
        - prity: Format
          link: /book-2/format
        - prity: Theme
          link: /book-2/format/theme
    - name: index.hbs
      output: BASEDIR/_out/html/book-2/format/theme/index-hbs/index.html
      input: BASEDIR/book-2/format/theme/index-hbs.md
      toc: []
      next: /book-2/format/theme/syntax-highlighting
      prev: /book-2/format/theme
      heirachy:
        - prity: Summary
          link: /book-2
        - prity: Format
          link: /book-2/format
        - prity: Theme
          link: /book-2/format/theme
        - prity: index.hbs
          link: /book-2/format/theme/index-hbs
    - name: Syntax highlighting
      output: BASEDIR/_out/html/book-2/format/theme/syntax-highlighting/index.html
      input: BASEDIR/book-2/format/theme/syntax-highlighting.md
      toc: []
      next: /book-2/format/theme/editor
      prev: /book-2/format/theme/index-hbs
      heirachy:
        - prity: Summary
          link: /book-2
        - prity: Format
          link: /book-2/format
        - prity: Theme
          link: /book-2/format/theme
        - prity: Syntax highlighting
          link: /book-2/format/theme/syntax-highlighting
    - name: Editor
      output: BASEDIR/_out/html/book-2/format/theme/editor/index.html
      input: BASEDIR/book-2/format/theme/editor.md
      toc: []
      next: /book-2/format/mathjax
      prev: /book-2/format/theme/syntax-highlighting
      heirachy:
        - prity: Summary
          link: /book-2
        - prity: Format
          link: /book-2/format
        - prity: Theme
          link: /book-2/format/theme
        - prity: Editor
          link: /book-2/format/theme/editor
    - name: MathJax Support
      output: BASEDIR/_out/html/book-2/format/mathjax/index.html
      input: BASEDIR/book-2/format/mathjax.md
      toc: []
      next: /book-2/format/mdbook
      prev: /book-2/format/theme/editor
      heirachy:
        - prity: Summary
          link: /book-2
        - prity: Format
          link: /book-2/format
        - prity: MathJax Support
          link: /book-2/format/mathjax
    - name: mdBook-specific features
      output: BASEDIR/_out/html/book-2/format/mdbook/index.html
      input: BASEDIR/book-2/format/mdbook.md
      toc: []
      next: /book-2/continuous-integration
      prev: /book-2/format/mathjax
      heirachy:
        - prity: Summary
          link: /book-2
        - prity: Format
          link: /book-2/format
        - prity: mdBook-specific features
          link: /book-2/format/mdbook
    - name: Continuous Integration
      output: BASEDIR/_out/html/book-2/continuous-integration/index.html
      input: BASEDIR/book-2/continuous-integration.md
      toc: []
      next: /book-2/for_developers
      prev: /book-2/format/mdbook
      heirachy:
        - prity: Summary
          link: /book-2
        - prity: Continuous Integration
          link: /book-2/continuous-integration
    - name: For Developers
      output: BASEDIR/_out/html/book-2/for_developers/index.html
      input: BASEDIR/book-2/for_developers/README.md
      toc: []
      next: /book-2/for_developers/preprocessors
      prev: /book-2/continuous-integration
      heirachy:
        - prity: Summary
          link: /book-2
        - prity: For Developers
          link: /book-2/for_developers
    - name: Preprocessors
      output: BASEDIR/_out/html/book-2/for_developers/preprocessors/index.html
      input: BASEDIR/book-2/for_developers/preprocessors.md
      toc: []
      next: /book-2/for_developers/backends
      prev: /book-2/for_developers
      heirachy:
        - prity: Summary
          link: /book-2
        - prity: For Developers
          link: /book-2/for_developers
        - prity: Preprocessors
          link: /book-2/for_developers/preprocessors
    - name: Alternative Backends
      output: BASEDIR/_out/html/book-2/for_developers/backends/index.html
      input: BASEDIR/book-2/for_developers/backends.md
      toc: []
      next: ~
      prev: /book-2/for_developers/preprocessors
      heirachy:
        - prity: Summary
          link: /book-2
        - prity: For Developers
          link: /book-2/for_developers
        - prity: Alternative Backends
          link: /book-2/for_developers/backends
- title: "3"
  pages:
    - name: pre 1
      output: BASEDIR/_out/html/book-3/./pre1/index.html
      input: BASEDIR/book-3/./pre1.md
      toc: []
      next: /book-3/./pre2
      prev: ~
      heirachy:
        - prity: "3"
          link: /book-3
        - prity: pre 1
          link: /book-3/./pre1
    - name: pre 2
      output: BASEDIR/_out/html/book-3/./pre2/index.html
      input: BASEDIR/book-3/./pre2.md
      toc: []
      next: /book-3/./c1
      prev: /book-3/./pre1
      heirachy:
        - prity: "3"
          link: /book-3
        - prity: pre 2
          link: /book-3/./pre2
    - name: c 1
      output: BASEDIR/_out/html/book-3/./c1/index.html
      input: BASEDIR/book-3/./c1.md
      toc: []
      next: /book-3/./c2
      prev: /book-3/./pre2
      heirachy:
        - prity: "3"
          link: /book-3
        - prity: c 1
          link: /book-3/./c1
    - name: c 2
      output: BASEDIR/_out/html/book-3/./c2/index.html
      input: BASEDIR/book-3/./c2.md
      toc: []
      next: /book-3/./c3
      prev: /book-3/./c1
      heirachy:
        - prity: "3"
          link: /book-3
        - prity: c 2
          link: /book-3/./c2
    - name: c 3
      output: BASEDIR/_out/html/book-3/./c3/index.html
      input: BASEDIR/book-3/./c3.md
      toc: []
      next: /book-3/./c31
      prev: /book-3/./c2
      heirachy:
        - prity: "3"
          link: /book-3
        - prity: c 3
          link: /book-3/./c3
    - name: c 3 1
      output: BASEDIR/_out/html/book-3/./c31/index.html
      input: BASEDIR/book-3/./c31.md
      toc: []
      next: /book-3/./c32
      prev: /book-3/./c3
      heirachy:
        - prity: "3"
          link: /book-3
        - prity: c 3
          link: /book-3/./c3
        - prity: c 3 1
          link: /book-3/./c31
    - name: c 3 2
      output: BASEDIR/_out/html/book-3/./c32/index.html
      input: BASEDIR/book-3/./c32.md
      toc: []
      next: /book-3/./c33
      prev: /book-3/./c31
      heirachy:
        - prity: "3"
          link: /book-3
        - prity: c 3
          link: /book-3/./c3
        - prity: c 3 2
          link: /book-3/./c32
    - name: c 3 3
      output: BASEDIR/_out/html/book-3/./c33/index.html
      input: BASEDIR/book-3/./c33.md
      toc: []
      next: /book-3/./post1
      prev: /book-3/./c32
      heirachy:
        - prity: "3"
          link: /book-3
        - prity: c 3
          link: /book-3/./c3
        - prity: c 3 3
          link: /book-3/./c33
    - name: post 1
      output: BASEDIR/_out/html/book-3/./post1/index.html
      input: BASEDIR/book-3/./post1.md
      toc: []
      next: /book-3/./pre1
      prev: /book-3/./c33
      heirachy:
        - prity: "3"
          link: /book-3
        - prity: post 1
          link: /book-3/./post1
    - name: pre 1
      output: BASEDIR/_out/html/book-3/./pre1/index.html
      input: BASEDIR/book-3/./pre1.md
      toc: []
      next: /book-3/./pre2
      prev: /book-3/./post1
      heirachy:
        - prity: "3"
          link: /book-3
        - prity: pre 1
          link: /book-3/./pre1
    - name: pre 2
      output: BASEDIR/_out/html/book-3/./pre2/index.html
      input: BASEDIR/book-3/./pre2.md
      toc: []
      next: ~
      prev: /book-3/./pre1
      heirachy:
        - prity: "3"
          link: /book-3
        - prity: pre 2
          link: /book-3/./pre2
