---
source: src/html_render/mod.rs
expression: paths
---
- ""
- /_out
- /_out/html
- /_out/html/book-1
- /_out/html/book-1/appendix-00
- /_out/html/book-1/appendix-00/index.html
- /_out/html/book-1/appendix-01-keywords
- /_out/html/book-1/appendix-01-keywords/index.html
- /_out/html/book-1/appendix-02-operators
- /_out/html/book-1/appendix-02-operators/index.html
- /_out/html/book-1/appendix-03-derivable-traits
- /_out/html/book-1/appendix-03-derivable-traits/index.html
- /_out/html/book-1/appendix-04-useful-development-tools
- /_out/html/book-1/appendix-04-useful-development-tools/index.html
- /_out/html/book-1/appendix-05-editions
- /_out/html/book-1/appendix-05-editions/index.html
- /_out/html/book-1/appendix-06-translation
- /_out/html/book-1/appendix-06-translation/index.html
- /_out/html/book-1/appendix-07-nightly-rust
- /_out/html/book-1/appendix-07-nightly-rust/index.html
- /_out/html/book-1/ch00-00-introduction
- /_out/html/book-1/ch00-00-introduction/index.html
- /_out/html/book-1/ch01-00-getting-started
- /_out/html/book-1/ch01-00-getting-started/index.html
- /_out/html/book-1/ch01-01-installation
- /_out/html/book-1/ch01-01-installation/index.html
- /_out/html/book-1/ch01-02-hello-world
- /_out/html/book-1/ch01-02-hello-world/index.html
- /_out/html/book-1/ch01-03-hello-cargo
- /_out/html/book-1/ch01-03-hello-cargo/index.html
- /_out/html/book-1/ch02-00-guessing-game-tutorial
- /_out/html/book-1/ch02-00-guessing-game-tutorial/index.html
- /_out/html/book-1/ch03-00-common-programming-concepts
- /_out/html/book-1/ch03-00-common-programming-concepts/index.html
- /_out/html/book-1/ch03-01-variables-and-mutability
- /_out/html/book-1/ch03-01-variables-and-mutability/index.html
- /_out/html/book-1/ch03-02-data-types
- /_out/html/book-1/ch03-02-data-types/index.html
- /_out/html/book-1/ch03-03-how-functions-work
- /_out/html/book-1/ch03-03-how-functions-work/index.html
- /_out/html/book-1/ch03-04-comments
- /_out/html/book-1/ch03-04-comments/index.html
- /_out/html/book-1/ch03-05-control-flow
- /_out/html/book-1/ch03-05-control-flow/index.html
- /_out/html/book-1/ch04-00-understanding-ownership
- /_out/html/book-1/ch04-00-understanding-ownership/index.html
- /_out/html/book-1/ch04-01-what-is-ownership
- /_out/html/book-1/ch04-01-what-is-ownership/index.html
- /_out/html/book-1/ch04-02-references-and-borrowing
- /_out/html/book-1/ch04-02-references-and-borrowing/index.html
- /_out/html/book-1/ch04-03-slices
- /_out/html/book-1/ch04-03-slices/index.html
- /_out/html/book-1/ch05-00-structs
- /_out/html/book-1/ch05-00-structs/index.html
- /_out/html/book-1/ch05-01-defining-structs
- /_out/html/book-1/ch05-01-defining-structs/index.html
- /_out/html/book-1/ch05-02-example-structs
- /_out/html/book-1/ch05-02-example-structs/index.html
- /_out/html/book-1/ch05-03-method-syntax
- /_out/html/book-1/ch05-03-method-syntax/index.html
- /_out/html/book-1/ch06-00-enums
- /_out/html/book-1/ch06-00-enums/index.html
- /_out/html/book-1/ch06-01-defining-an-enum
- /_out/html/book-1/ch06-01-defining-an-enum/index.html
- /_out/html/book-1/ch06-02-match
- /_out/html/book-1/ch06-02-match/index.html
- /_out/html/book-1/ch06-03-if-let
- /_out/html/book-1/ch06-03-if-let/index.html
- /_out/html/book-1/ch07-00-managing-growing-projects-with-packages-crates-and-modules
- /_out/html/book-1/ch07-00-managing-growing-projects-with-packages-crates-and-modules/index.html
- /_out/html/book-1/ch07-01-packages-and-crates
- /_out/html/book-1/ch07-01-packages-and-crates/index.html
- /_out/html/book-1/ch07-02-defining-modules-to-control-scope-and-privacy
- /_out/html/book-1/ch07-02-defining-modules-to-control-scope-and-privacy/index.html
- /_out/html/book-1/ch07-03-paths-for-referring-to-an-item-in-the-module-tree
- /_out/html/book-1/ch07-03-paths-for-referring-to-an-item-in-the-module-tree/index.html
- /_out/html/book-1/ch07-04-bringing-paths-into-scope-with-the-use-keyword
- /_out/html/book-1/ch07-04-bringing-paths-into-scope-with-the-use-keyword/index.html
- /_out/html/book-1/ch07-05-separating-modules-into-different-files
- /_out/html/book-1/ch07-05-separating-modules-into-different-files/index.html
- /_out/html/book-1/ch08-00-common-collections
- /_out/html/book-1/ch08-00-common-collections/index.html
- /_out/html/book-1/ch08-01-vectors
- /_out/html/book-1/ch08-01-vectors/index.html
- /_out/html/book-1/ch08-02-strings
- /_out/html/book-1/ch08-02-strings/index.html
- /_out/html/book-1/ch08-03-hash-maps
- /_out/html/book-1/ch08-03-hash-maps/index.html
- /_out/html/book-1/ch09-00-error-handling
- /_out/html/book-1/ch09-00-error-handling/index.html
- /_out/html/book-1/ch09-01-unrecoverable-errors-with-panic
- /_out/html/book-1/ch09-01-unrecoverable-errors-with-panic/index.html
- /_out/html/book-1/ch09-02-recoverable-errors-with-result
- /_out/html/book-1/ch09-02-recoverable-errors-with-result/index.html
- /_out/html/book-1/ch09-03-to-panic-or-not-to-panic
- /_out/html/book-1/ch09-03-to-panic-or-not-to-panic/index.html
- /_out/html/book-1/ch10-00-generics
- /_out/html/book-1/ch10-00-generics/index.html
- /_out/html/book-1/ch10-01-syntax
- /_out/html/book-1/ch10-01-syntax/index.html
- /_out/html/book-1/ch10-02-traits
- /_out/html/book-1/ch10-02-traits/index.html
- /_out/html/book-1/ch10-03-lifetime-syntax
- /_out/html/book-1/ch10-03-lifetime-syntax/index.html
- /_out/html/book-1/ch11-00-testing
- /_out/html/book-1/ch11-00-testing/index.html
- /_out/html/book-1/ch11-01-writing-tests
- /_out/html/book-1/ch11-01-writing-tests/index.html
- /_out/html/book-1/ch11-02-running-tests
- /_out/html/book-1/ch11-02-running-tests/index.html
- /_out/html/book-1/ch11-03-test-organization
- /_out/html/book-1/ch11-03-test-organization/index.html
- /_out/html/book-1/ch12-00-an-io-project
- /_out/html/book-1/ch12-00-an-io-project/index.html
- /_out/html/book-1/ch12-01-accepting-command-line-arguments
- /_out/html/book-1/ch12-01-accepting-command-line-arguments/index.html
- /_out/html/book-1/ch12-02-reading-a-file
- /_out/html/book-1/ch12-02-reading-a-file/index.html
- /_out/html/book-1/ch12-03-improving-error-handling-and-modularity
- /_out/html/book-1/ch12-03-improving-error-handling-and-modularity/index.html
- /_out/html/book-1/ch12-04-testing-the-librarys-functionality
- /_out/html/book-1/ch12-04-testing-the-librarys-functionality/index.html
- /_out/html/book-1/ch12-05-working-with-environment-variables
- /_out/html/book-1/ch12-05-working-with-environment-variables/index.html
- /_out/html/book-1/ch12-06-writing-to-stderr-instead-of-stdout
- /_out/html/book-1/ch12-06-writing-to-stderr-instead-of-stdout/index.html
- /_out/html/book-1/ch13-00-functional-features
- /_out/html/book-1/ch13-00-functional-features/index.html
- /_out/html/book-1/ch13-01-closures
- /_out/html/book-1/ch13-01-closures/index.html
- /_out/html/book-1/ch13-02-iterators
- /_out/html/book-1/ch13-02-iterators/index.html
- /_out/html/book-1/ch13-03-improving-our-io-project
- /_out/html/book-1/ch13-03-improving-our-io-project/index.html
- /_out/html/book-1/ch13-04-performance
- /_out/html/book-1/ch13-04-performance/index.html
- /_out/html/book-1/ch14-00-more-about-cargo
- /_out/html/book-1/ch14-00-more-about-cargo/index.html
- /_out/html/book-1/ch14-01-release-profiles
- /_out/html/book-1/ch14-01-release-profiles/index.html
- /_out/html/book-1/ch14-02-publishing-to-crates-io
- /_out/html/book-1/ch14-02-publishing-to-crates-io/index.html
- /_out/html/book-1/ch14-03-cargo-workspaces
- /_out/html/book-1/ch14-03-cargo-workspaces/index.html
- /_out/html/book-1/ch14-04-installing-binaries
- /_out/html/book-1/ch14-04-installing-binaries/index.html
- /_out/html/book-1/ch14-05-extending-cargo
- /_out/html/book-1/ch14-05-extending-cargo/index.html
- /_out/html/book-1/ch15-00-smart-pointers
- /_out/html/book-1/ch15-00-smart-pointers/index.html
- /_out/html/book-1/ch15-01-box
- /_out/html/book-1/ch15-01-box/index.html
- /_out/html/book-1/ch15-02-deref
- /_out/html/book-1/ch15-02-deref/index.html
- /_out/html/book-1/ch15-03-drop
- /_out/html/book-1/ch15-03-drop/index.html
- /_out/html/book-1/ch15-04-rc
- /_out/html/book-1/ch15-04-rc/index.html
- /_out/html/book-1/ch15-05-interior-mutability
- /_out/html/book-1/ch15-05-interior-mutability/index.html
- /_out/html/book-1/ch15-06-reference-cycles
- /_out/html/book-1/ch15-06-reference-cycles/index.html
- /_out/html/book-1/ch16-00-concurrency
- /_out/html/book-1/ch16-00-concurrency/index.html
- /_out/html/book-1/ch16-01-threads
- /_out/html/book-1/ch16-01-threads/index.html
- /_out/html/book-1/ch16-02-message-passing
- /_out/html/book-1/ch16-02-message-passing/index.html
- /_out/html/book-1/ch16-03-shared-state
- /_out/html/book-1/ch16-03-shared-state/index.html
- /_out/html/book-1/ch16-04-extensible-concurrency-sync-and-send
- /_out/html/book-1/ch16-04-extensible-concurrency-sync-and-send/index.html
- /_out/html/book-1/ch17-00-oop
- /_out/html/book-1/ch17-00-oop/index.html
- /_out/html/book-1/ch17-01-what-is-oo
- /_out/html/book-1/ch17-01-what-is-oo/index.html
- /_out/html/book-1/ch17-02-trait-objects
- /_out/html/book-1/ch17-02-trait-objects/index.html
- /_out/html/book-1/ch17-03-oo-design-patterns
- /_out/html/book-1/ch17-03-oo-design-patterns/index.html
- /_out/html/book-1/ch18-00-patterns
- /_out/html/book-1/ch18-00-patterns/index.html
- /_out/html/book-1/ch18-01-all-the-places-for-patterns
- /_out/html/book-1/ch18-01-all-the-places-for-patterns/index.html
- /_out/html/book-1/ch18-02-refutability
- /_out/html/book-1/ch18-02-refutability/index.html
- /_out/html/book-1/ch18-03-pattern-syntax
- /_out/html/book-1/ch18-03-pattern-syntax/index.html
- /_out/html/book-1/ch19-00-advanced-features
- /_out/html/book-1/ch19-00-advanced-features/index.html
- /_out/html/book-1/ch19-01-unsafe-rust
- /_out/html/book-1/ch19-01-unsafe-rust/index.html
- /_out/html/book-1/ch19-03-advanced-traits
- /_out/html/book-1/ch19-03-advanced-traits/index.html
- /_out/html/book-1/ch19-04-advanced-types
- /_out/html/book-1/ch19-04-advanced-types/index.html
- /_out/html/book-1/ch19-05-advanced-functions-and-closures
- /_out/html/book-1/ch19-05-advanced-functions-and-closures/index.html
- /_out/html/book-1/ch19-06-macros
- /_out/html/book-1/ch19-06-macros/index.html
- /_out/html/book-1/ch20-00-final-project-a-web-server
- /_out/html/book-1/ch20-00-final-project-a-web-server/index.html
- /_out/html/book-1/ch20-01-single-threaded
- /_out/html/book-1/ch20-01-single-threaded/index.html
- /_out/html/book-1/ch20-02-multithreaded
- /_out/html/book-1/ch20-02-multithreaded/index.html
- /_out/html/book-1/ch20-03-graceful-shutdown-and-cleanup
- /_out/html/book-1/ch20-03-graceful-shutdown-and-cleanup/index.html
- /_out/html/book-1/foreword
- /_out/html/book-1/foreword/index.html
- /_out/html/book-1/title-page
- /_out/html/book-1/title-page/index.html
- /_out/html/book-2
- /_out/html/book-2/cli
- /_out/html/book-2/cli/build
- /_out/html/book-2/cli/build/index.html
- /_out/html/book-2/cli/clean
- /_out/html/book-2/cli/clean/index.html
- /_out/html/book-2/cli/index.html
- /_out/html/book-2/cli/init
- /_out/html/book-2/cli/init/index.html
- /_out/html/book-2/cli/serve
- /_out/html/book-2/cli/serve/index.html
- /_out/html/book-2/cli/test
- /_out/html/book-2/cli/test/index.html
- /_out/html/book-2/cli/watch
- /_out/html/book-2/cli/watch/index.html
- /_out/html/book-2/continuous-integration
- /_out/html/book-2/continuous-integration/index.html
- /_out/html/book-2/for_developers
- /_out/html/book-2/for_developers/backends
- /_out/html/book-2/for_developers/backends/index.html
- /_out/html/book-2/for_developers/index.html
- /_out/html/book-2/for_developers/preprocessors
- /_out/html/book-2/for_developers/preprocessors/index.html
- /_out/html/book-2/format
- /_out/html/book-2/format/config
- /_out/html/book-2/format/config/index.html
- /_out/html/book-2/format/index.html
- /_out/html/book-2/format/mathjax
- /_out/html/book-2/format/mathjax/index.html
- /_out/html/book-2/format/mdbook
- /_out/html/book-2/format/mdbook/index.html
- /_out/html/book-2/format/summary
- /_out/html/book-2/format/summary/index.html
- /_out/html/book-2/format/theme
- /_out/html/book-2/format/theme/editor
- /_out/html/book-2/format/theme/editor/index.html
- /_out/html/book-2/format/theme/index-hbs
- /_out/html/book-2/format/theme/index-hbs/index.html
- /_out/html/book-2/format/theme/index.html
- /_out/html/book-2/format/theme/syntax-highlighting
- /_out/html/book-2/format/theme/syntax-highlighting/index.html
- /_out/html/book-2/index.html
- /_out/html/book-2/misc
- /_out/html/book-2/misc/contributors
- /_out/html/book-2/misc/contributors/index.html
- /_out/html/book-3
- /_out/html/book-3/c1
- /_out/html/book-3/c1/index.html
- /_out/html/book-3/c2
- /_out/html/book-3/c2/index.html
- /_out/html/book-3/c3
- /_out/html/book-3/c3/index.html
- /_out/html/book-3/c31
- /_out/html/book-3/c31/index.html
- /_out/html/book-3/c32
- /_out/html/book-3/c32/index.html
- /_out/html/book-3/c33
- /_out/html/book-3/c33/index.html
- /_out/html/book-3/post1
- /_out/html/book-3/post1/index.html
- /_out/html/book-3/pre1
- /_out/html/book-3/pre1/index.html
- /_out/html/book-3/pre2
- /_out/html/book-3/pre2/index.html
- /book-1
- /book-1/SUMMARY.md
- /book-1/appendix-00.md
- /book-1/appendix-01-keywords.md
- /book-1/appendix-02-operators.md
- /book-1/appendix-03-derivable-traits.md
- /book-1/appendix-04-useful-development-tools.md
- /book-1/appendix-05-editions.md
- /book-1/appendix-06-translation.md
- /book-1/appendix-07-nightly-rust.md
- /book-1/ch00-00-introduction.md
- /book-1/ch01-00-getting-started.md
- /book-1/ch01-01-installation.md
- /book-1/ch01-02-hello-world.md
- /book-1/ch01-03-hello-cargo.md
- /book-1/ch02-00-guessing-game-tutorial.md
- /book-1/ch03-00-common-programming-concepts.md
- /book-1/ch03-01-variables-and-mutability.md
- /book-1/ch03-02-data-types.md
- /book-1/ch03-03-how-functions-work.md
- /book-1/ch03-04-comments.md
- /book-1/ch03-05-control-flow.md
- /book-1/ch04-00-understanding-ownership.md
- /book-1/ch04-01-what-is-ownership.md
- /book-1/ch04-02-references-and-borrowing.md
- /book-1/ch04-03-slices.md
- /book-1/ch05-00-structs.md
- /book-1/ch05-01-defining-structs.md
- /book-1/ch05-02-example-structs.md
- /book-1/ch05-03-method-syntax.md
- /book-1/ch06-00-enums.md
- /book-1/ch06-01-defining-an-enum.md
- /book-1/ch06-02-match.md
- /book-1/ch06-03-if-let.md
- /book-1/ch07-00-managing-growing-projects-with-packages-crates-and-modules.md
- /book-1/ch07-01-packages-and-crates.md
- /book-1/ch07-02-defining-modules-to-control-scope-and-privacy.md
- /book-1/ch07-03-paths-for-referring-to-an-item-in-the-module-tree.md
- /book-1/ch07-04-bringing-paths-into-scope-with-the-use-keyword.md
- /book-1/ch07-05-separating-modules-into-different-files.md
- /book-1/ch08-00-common-collections.md
- /book-1/ch08-01-vectors.md
- /book-1/ch08-02-strings.md
- /book-1/ch08-03-hash-maps.md
- /book-1/ch09-00-error-handling.md
- /book-1/ch09-01-unrecoverable-errors-with-panic.md
- /book-1/ch09-02-recoverable-errors-with-result.md
- /book-1/ch09-03-to-panic-or-not-to-panic.md
- /book-1/ch10-00-generics.md
- /book-1/ch10-01-syntax.md
- /book-1/ch10-02-traits.md
- /book-1/ch10-03-lifetime-syntax.md
- /book-1/ch11-00-testing.md
- /book-1/ch11-01-writing-tests.md
- /book-1/ch11-02-running-tests.md
- /book-1/ch11-03-test-organization.md
- /book-1/ch12-00-an-io-project.md
- /book-1/ch12-01-accepting-command-line-arguments.md
- /book-1/ch12-02-reading-a-file.md
- /book-1/ch12-03-improving-error-handling-and-modularity.md
- /book-1/ch12-04-testing-the-librarys-functionality.md
- /book-1/ch12-05-working-with-environment-variables.md
- /book-1/ch12-06-writing-to-stderr-instead-of-stdout.md
- /book-1/ch13-00-functional-features.md
- /book-1/ch13-01-closures.md
- /book-1/ch13-02-iterators.md
- /book-1/ch13-03-improving-our-io-project.md
- /book-1/ch13-04-performance.md
- /book-1/ch14-00-more-about-cargo.md
- /book-1/ch14-01-release-profiles.md
- /book-1/ch14-02-publishing-to-crates-io.md
- /book-1/ch14-03-cargo-workspaces.md
- /book-1/ch14-04-installing-binaries.md
- /book-1/ch14-05-extending-cargo.md
- /book-1/ch15-00-smart-pointers.md
- /book-1/ch15-01-box.md
- /book-1/ch15-02-deref.md
- /book-1/ch15-03-drop.md
- /book-1/ch15-04-rc.md
- /book-1/ch15-05-interior-mutability.md
- /book-1/ch15-06-reference-cycles.md
- /book-1/ch16-00-concurrency.md
- /book-1/ch16-01-threads.md
- /book-1/ch16-02-message-passing.md
- /book-1/ch16-03-shared-state.md
- /book-1/ch16-04-extensible-concurrency-sync-and-send.md
- /book-1/ch17-00-oop.md
- /book-1/ch17-01-what-is-oo.md
- /book-1/ch17-02-trait-objects.md
- /book-1/ch17-03-oo-design-patterns.md
- /book-1/ch18-00-patterns.md
- /book-1/ch18-01-all-the-places-for-patterns.md
- /book-1/ch18-02-refutability.md
- /book-1/ch18-03-pattern-syntax.md
- /book-1/ch19-00-advanced-features.md
- /book-1/ch19-01-unsafe-rust.md
- /book-1/ch19-03-advanced-traits.md
- /book-1/ch19-04-advanced-types.md
- /book-1/ch19-05-advanced-functions-and-closures.md
- /book-1/ch19-06-macros.md
- /book-1/ch20-00-final-project-a-web-server.md
- /book-1/ch20-01-single-threaded.md
- /book-1/ch20-02-multithreaded.md
- /book-1/ch20-03-graceful-shutdown-and-cleanup.md
- /book-1/foreword.md
- /book-1/title-page.md
- /book-2
- /book-2/README.md
- /book-2/SUMMARY.md
- /book-2/cli
- /book-2/cli/README.md
- /book-2/cli/build.md
- /book-2/cli/clean.md
- /book-2/cli/init.md
- /book-2/cli/serve.md
- /book-2/cli/test.md
- /book-2/cli/watch.md
- /book-2/continuous-integration.md
- /book-2/for_developers
- /book-2/for_developers/README.md
- /book-2/for_developers/backends.md
- /book-2/for_developers/preprocessors.md
- /book-2/format
- /book-2/format/README.md
- /book-2/format/config.md
- /book-2/format/mathjax.md
- /book-2/format/mdbook.md
- /book-2/format/summary.md
- /book-2/format/theme
- /book-2/format/theme/README.md
- /book-2/format/theme/editor.md
- /book-2/format/theme/index-hbs.md
- /book-2/format/theme/syntax-highlighting.md
- /book-2/misc
- /book-2/misc/contributors.md
- /book-3
- /book-3/SUMMARY.md
- /book-3/c1.md
- /book-3/c2.md
- /book-3/c3.md
- /book-3/c31.md
- /book-3/c32.md
- /book-3/c33.md
- /book-3/post1.md
- /book-3/pre1.md
- /book-3/pre2.md
- /xmark.toml
